当前进程号(PID): 3787109
2025-05-08 23:37:53,276 - logger name:log/AIR/STBP-2025-05-08_23-37-53-seed43/STBP.log
2025-05-08 23:37:53,276 - params : {'conf': 'conf/STBP_AIR.json', 'seed': 43, 'paral': 0, 'gpuid': 3, 'logname': 'STBP', 'method': 'STBP', 'load_first_year': 0, 'first_year_model_path': '', 'device': device(type='cuda', index=3), 'methods': {'STBP': <class 'src.model.model.STBP_Model'>}, 'begin_year': 2016, 'end_year': 2019, 'dropout': 0.0, 'lr': 0.01, 'batch_size': 64, 'epoch': 200, 'y_len': 12, 'x_len': 12, 'data_process': 1, 'raw_data_path': 'data/AIR/RawData/', 'save_data_path': 'data/AIR/FastData/', 'graph_path': 'data/AIR/graph/', 'model_path': 'log/AIR/', 'model': {'in_channel': 12, 'out_channel': 12, 'hidden_channel': 128}, 'init': True, 'train': 1, 'path': 'log/AIR/STBP-2025-05-08_23-37-53-seed43', 'logger': <Logger utils.initialize (INFO)>}

  0%|          | 0/5145 [00:00<?, ?it/s]
100%|██████████| 5145/5145 [00:00<00:00, 385999.61it/s]

  0%|          | 0/1715 [00:00<?, ?it/s]
100%|██████████| 1715/1715 [00:00<00:00, 526436.72it/s]

  0%|          | 0/1715 [00:00<?, ?it/s]
100%|██████████| 1715/1715 [00:00<00:00, 436720.99it/s]
2025-05-08 23:38:03,045 - [*] Year 2016 load from data/AIR/FastData/2016.npz
2025-05-08 23:38:03,250 - [*] Year 2016 Dataset load!
2025-05-08 23:38:03,259 - Total Parameters: 523064
2025-05-08 23:38:03,260 - Trainable Parameters: 523064
Parameter: pattern_bank | Shape: torch.Size([1087, 384]) | Requires Grad: True
Parameter: fconv1.weight_neigh.weight | Shape: torch.Size([128, 12]) | Requires Grad: True
Parameter: fconv1.weight_neigh.bias | Shape: torch.Size([128]) | Requires Grad: True
Parameter: fconv1.fre_network.complex_weight | Shape: torch.Size([1, 1, 65, 2]) | Requires Grad: True
Parameter: fconv1.weight_self.weight | Shape: torch.Size([128, 12]) | Requires Grad: True
Parameter: stmodule.attn.q.conv.weight | Shape: torch.Size([128, 128, 1, 1]) | Requires Grad: True
Parameter: stmodule.attn.q.conv.bias | Shape: torch.Size([128]) | Requires Grad: True
Parameter: stmodule.attn.k.conv.weight | Shape: torch.Size([128, 128, 1, 1]) | Requires Grad: True
Parameter: stmodule.attn.k.conv.bias | Shape: torch.Size([128]) | Requires Grad: True
Parameter: stmodule.attn.v.conv.weight | Shape: torch.Size([128, 128, 1, 1]) | Requires Grad: True
Parameter: stmodule.attn.v.conv.bias | Shape: torch.Size([128]) | Requires Grad: True
Parameter: stmodule.attn.concat.conv.weight | Shape: torch.Size([128, 128, 1, 1]) | Requires Grad: True
Parameter: stmodule.attn.concat.conv.bias | Shape: torch.Size([128]) | Requires Grad: True
Parameter: stmodule.FFW.fc1.weight | Shape: torch.Size([128, 128, 1, 1]) | Requires Grad: True
Parameter: stmodule.FFW.fc1.bias | Shape: torch.Size([128]) | Requires Grad: True
Parameter: stmodule.FFW.fc2.weight | Shape: torch.Size([128, 128, 1, 1]) | Requires Grad: True
Parameter: stmodule.FFW.fc2.bias | Shape: torch.Size([128]) | Requires Grad: True
Parameter: fconv2.weight_neigh.weight | Shape: torch.Size([12, 128]) | Requires Grad: True
Parameter: fconv2.weight_neigh.bias | Shape: torch.Size([12]) | Requires Grad: True
Parameter: fconv2.fre_network.complex_weight | Shape: torch.Size([1, 1, 7, 2]) | Requires Grad: True
Parameter: fconv2.weight_self.weight | Shape: torch.Size([12, 128]) | Requires Grad: True
Parameter: fc.weight | Shape: torch.Size([12, 12]) | Requires Grad: True
Parameter: fc.bias | Shape: torch.Size([12]) | Requires Grad: True
2025-05-08 23:38:03,260 - [*] Year 2016 Training start
2025-05-08 23:38:03,610 - node number torch.Size([69568, 12])
2025-05-08 23:38:08,211 - epoch:0, training loss:29.7496 validation loss:26.1570
2025-05-08 23:38:12,498 - epoch:1, training loss:20.8473 validation loss:20.9444
2025-05-08 23:38:16,793 - epoch:2, training loss:19.8517 validation loss:20.7188
2025-05-08 23:38:21,067 - epoch:3, training loss:19.4224 validation loss:17.0012
2025-05-08 23:38:25,500 - epoch:4, training loss:19.4055 validation loss:19.8728
2025-05-08 23:38:29,795 - epoch:5, training loss:19.1316 validation loss:18.4959
2025-05-08 23:38:34,274 - epoch:6, training loss:19.0505 validation loss:25.5088
2025-05-08 23:38:38,666 - epoch:7, training loss:19.0664 validation loss:18.2944
2025-05-08 23:38:42,979 - epoch:8, training loss:18.9062 validation loss:22.6207
2025-05-08 23:38:47,163 - epoch:9, training loss:18.8011 validation loss:20.1315
2025-05-08 23:38:51,438 - epoch:10, training loss:18.7487 validation loss:20.0632
2025-05-08 23:38:55,765 - epoch:11, training loss:18.6941 validation loss:17.7151
2025-05-08 23:38:59,968 - epoch:12, training loss:18.6405 validation loss:19.3820
2025-05-08 23:39:04,293 - epoch:13, training loss:18.5797 validation loss:20.5882
2025-05-08 23:39:08,517 - epoch:14, training loss:18.5946 validation loss:19.8141
2025-05-08 23:39:12,861 - epoch:15, training loss:18.5903 validation loss:18.8032
2025-05-08 23:39:17,148 - epoch:16, training loss:18.4433 validation loss:22.2502
2025-05-08 23:39:21,421 - epoch:17, training loss:18.4291 validation loss:17.3769
2025-05-08 23:39:25,740 - epoch:18, training loss:18.4295 validation loss:21.0394
2025-05-08 23:39:30,031 - epoch:19, training loss:18.2711 validation loss:20.4691
2025-05-08 23:39:34,231 - epoch:20, training loss:18.1730 validation loss:19.2141
2025-05-08 23:39:38,554 - epoch:21, training loss:18.1368 validation loss:18.3772
2025-05-08 23:39:42,918 - epoch:22, training loss:18.0634 validation loss:19.5159
2025-05-08 23:39:47,236 - epoch:23, training loss:18.0632 validation loss:18.0252
2025-05-08 23:39:51,488 - epoch:24, training loss:18.0164 validation loss:19.9179
2025-05-08 23:39:55,852 - epoch:25, training loss:17.9139 validation loss:18.5354
2025-05-08 23:40:00,183 - epoch:26, training loss:17.8510 validation loss:19.7498
2025-05-08 23:40:04,534 - epoch:27, training loss:17.8308 validation loss:17.8319
2025-05-08 23:40:09,008 - epoch:28, training loss:17.7621 validation loss:18.7017
2025-05-08 23:40:13,472 - epoch:29, training loss:17.6129 validation loss:19.0727
2025-05-08 23:40:17,904 - epoch:30, training loss:17.5697 validation loss:20.4553
2025-05-08 23:40:22,335 - epoch:31, training loss:17.5377 validation loss:20.2175
2025-05-08 23:40:26,632 - epoch:32, training loss:17.5572 validation loss:18.6441
2025-05-08 23:40:30,949 - epoch:33, training loss:17.4268 validation loss:20.9517
2025-05-08 23:40:35,173 - epoch:34, training loss:17.4211 validation loss:19.5151
2025-05-08 23:40:36,449 - [*] loss:30.9806
2025-05-08 23:40:36,537 - [*] year 2016, testing
2025-05-08 23:40:37,290 - T:3	MAE	24.8596	RMSE	38.0728	MAPE	25.6550
2025-05-08 23:40:38,882 - T:6	MAE	27.7821	RMSE	43.7403	MAPE	28.7630
2025-05-08 23:40:43,924 - T:12	MAE	31.0586	RMSE	49.4796	MAPE	32.6818
2025-05-08 23:40:43,924 - T:Avg	MAE	27.5616	RMSE	43.0753	MAPE	28.6754
2025-05-08 23:40:43,925 - Finished optimization, total time:112.36 s, best model:log/AIR/STBP-2025-05-08_23-37-53-seed43/2016/17.0012.pkl

  0%|          | 0/5170 [00:00<?, ?it/s]
100%|██████████| 5170/5170 [00:00<00:00, 416026.55it/s]

  0%|          | 0/1723 [00:00<?, ?it/s]
100%|██████████| 1723/1723 [00:00<00:00, 443933.03it/s]

  0%|          | 0/1723 [00:00<?, ?it/s]
100%|██████████| 1723/1723 [00:00<00:00, 475477.72it/s]
2025-05-08 23:40:52,724 - [*] Year 2017 load from data/AIR/FastData/2017.npz
2025-05-08 23:40:52,748 - [*] Year 2017 Dataset load!
2025-05-08 23:40:52,748 - [*] load from log/AIR/STBP-2025-05-08_23-37-53-seed43/2016/17.0012.pkl
2025-05-08 23:40:52,763 - Total Parameters: 548792
2025-05-08 23:40:52,765 - Trainable Parameters: 443136
Parameter: pattern_bank | Shape: torch.Size([1154, 384]) | Requires Grad: True
Parameter: fconv1.weight_neigh.weight | Shape: torch.Size([128, 12]) | Requires Grad: False
Parameter: fconv1.weight_neigh.bias | Shape: torch.Size([128]) | Requires Grad: False
Parameter: fconv1.fre_network.complex_weight | Shape: torch.Size([1, 1, 65, 2]) | Requires Grad: False
Parameter: fconv1.weight_self.weight | Shape: torch.Size([128, 12]) | Requires Grad: False
Parameter: stmodule.attn.q.conv.weight | Shape: torch.Size([128, 128, 1, 1]) | Requires Grad: False
Parameter: stmodule.attn.q.conv.bias | Shape: torch.Size([128]) | Requires Grad: False
Parameter: stmodule.attn.k.conv.weight | Shape: torch.Size([128, 128, 1, 1]) | Requires Grad: False
Parameter: stmodule.attn.k.conv.bias | Shape: torch.Size([128]) | Requires Grad: False
Parameter: stmodule.attn.v.conv.weight | Shape: torch.Size([128, 128, 1, 1]) | Requires Grad: False
Parameter: stmodule.attn.v.conv.bias | Shape: torch.Size([128]) | Requires Grad: False
Parameter: stmodule.attn.concat.conv.weight | Shape: torch.Size([128, 128, 1, 1]) | Requires Grad: False
Parameter: stmodule.attn.concat.conv.bias | Shape: torch.Size([128]) | Requires Grad: False
Parameter: stmodule.FFW.fc1.weight | Shape: torch.Size([128, 128, 1, 1]) | Requires Grad: False
Parameter: stmodule.FFW.fc1.bias | Shape: torch.Size([128]) | Requires Grad: False
Parameter: stmodule.FFW.fc2.weight | Shape: torch.Size([128, 128, 1, 1]) | Requires Grad: False
Parameter: stmodule.FFW.fc2.bias | Shape: torch.Size([128]) | Requires Grad: False
Parameter: fconv2.weight_neigh.weight | Shape: torch.Size([12, 128]) | Requires Grad: False
Parameter: fconv2.weight_neigh.bias | Shape: torch.Size([12]) | Requires Grad: False
Parameter: fconv2.fre_network.complex_weight | Shape: torch.Size([1, 1, 7, 2]) | Requires Grad: False
Parameter: fconv2.weight_self.weight | Shape: torch.Size([12, 128]) | Requires Grad: False
Parameter: fc.weight | Shape: torch.Size([12, 12]) | Requires Grad: False
Parameter: fc.bias | Shape: torch.Size([12]) | Requires Grad: False
2025-05-08 23:40:52,766 - [*] Year 2017 Training start
2025-05-08 23:40:53,443 - node number torch.Size([73856, 12])
2025-05-08 23:40:56,925 - epoch:0, training loss:19.6471 validation loss:23.7208
2025-05-08 23:41:00,958 - epoch:1, training loss:19.3830 validation loss:23.3049
2025-05-08 23:41:05,058 - epoch:2, training loss:19.3136 validation loss:24.4462
2025-05-08 23:41:09,141 - epoch:3, training loss:19.2469 validation loss:22.7733
2025-05-08 23:41:13,082 - epoch:4, training loss:19.2419 validation loss:23.7117
2025-05-08 23:41:17,101 - epoch:5, training loss:19.2305 validation loss:23.4186
2025-05-08 23:41:21,197 - epoch:6, training loss:19.2098 validation loss:23.1227
2025-05-08 23:41:25,362 - epoch:7, training loss:19.1756 validation loss:22.8069
2025-05-08 23:41:29,346 - epoch:8, training loss:19.1451 validation loss:23.2749
2025-05-08 23:41:33,373 - epoch:9, training loss:19.1309 validation loss:23.0779
2025-05-08 23:41:37,328 - epoch:10, training loss:19.1142 validation loss:23.8331
2025-05-08 23:41:41,352 - epoch:11, training loss:19.1048 validation loss:23.5435
2025-05-08 23:41:45,451 - epoch:12, training loss:19.1013 validation loss:23.8018
2025-05-08 23:41:49,538 - epoch:13, training loss:19.1012 validation loss:23.3088
2025-05-08 23:41:53,563 - epoch:14, training loss:19.0695 validation loss:23.3736
2025-05-08 23:41:57,648 - epoch:15, training loss:19.0827 validation loss:23.5491
2025-05-08 23:42:01,743 - epoch:16, training loss:19.0563 validation loss:23.4451
2025-05-08 23:42:05,897 - epoch:17, training loss:19.0491 validation loss:23.8958
2025-05-08 23:42:10,109 - epoch:18, training loss:19.0158 validation loss:23.6442
2025-05-08 23:42:14,224 - epoch:19, training loss:19.0141 validation loss:23.5398
2025-05-08 23:42:18,365 - epoch:20, training loss:19.0236 validation loss:24.3190
2025-05-08 23:42:22,526 - epoch:21, training loss:19.0005 validation loss:23.9090
2025-05-08 23:42:26,720 - epoch:22, training loss:19.0092 validation loss:23.8617
2025-05-08 23:42:31,127 - epoch:23, training loss:18.9759 validation loss:24.3000
2025-05-08 23:42:35,218 - epoch:24, training loss:18.9710 validation loss:23.7732
2025-05-08 23:42:39,202 - epoch:25, training loss:18.9861 validation loss:24.4021
2025-05-08 23:42:43,317 - epoch:26, training loss:18.9601 validation loss:24.1942
2025-05-08 23:42:47,382 - epoch:27, training loss:18.9658 validation loss:24.0214
2025-05-08 23:42:51,456 - epoch:28, training loss:18.9371 validation loss:24.2912
2025-05-08 23:42:55,616 - epoch:29, training loss:18.9477 validation loss:23.9276
2025-05-08 23:42:59,726 - epoch:30, training loss:18.9325 validation loss:23.5776
2025-05-08 23:43:03,813 - epoch:31, training loss:18.9377 validation loss:23.9940
2025-05-08 23:43:07,898 - epoch:32, training loss:18.9551 validation loss:23.9170
2025-05-08 23:43:11,985 - epoch:33, training loss:18.9280 validation loss:23.6489
2025-05-08 23:43:16,183 - epoch:34, training loss:18.9185 validation loss:24.2928
2025-05-08 23:43:17,638 - [*] loss:24.3411
2025-05-08 23:43:17,728 - [*] year 2017, testing
2025-05-08 23:43:18,607 - T:3	MAE	16.7872	RMSE	26.2507	MAPE	20.0074
2025-05-08 23:43:20,369 - T:6	MAE	20.4883	RMSE	32.4422	MAPE	23.9532
2025-05-08 23:43:26,071 - T:12	MAE	24.3736	RMSE	38.4548	MAPE	28.4869
2025-05-08 23:43:26,072 - T:Avg	MAE	20.1049	RMSE	31.5941	MAPE	23.6909
2025-05-08 23:43:26,074 - Finished optimization, total time:100.25 s, best model:log/AIR/STBP-2025-05-08_23-37-53-seed43/2017/22.7733.pkl

  0%|          | 0/5025 [00:00<?, ?it/s]
100%|██████████| 5025/5025 [00:00<00:00, 401111.00it/s]

  0%|          | 0/1675 [00:00<?, ?it/s]
100%|██████████| 1675/1675 [00:00<00:00, 453313.92it/s]

  0%|          | 0/1675 [00:00<?, ?it/s]
100%|██████████| 1675/1675 [00:00<00:00, 501603.54it/s]
2025-05-08 23:43:36,442 - [*] Year 2018 load from data/AIR/FastData/2018.npz
2025-05-08 23:43:36,476 - [*] Year 2018 Dataset load!
2025-05-08 23:43:36,476 - [*] load from log/AIR/STBP-2025-05-08_23-37-53-seed43/2017/22.7733.pkl
2025-05-08 23:43:36,496 - Total Parameters: 563768
2025-05-08 23:43:36,497 - Trainable Parameters: 458112
Parameter: pattern_bank | Shape: torch.Size([1193, 384]) | Requires Grad: True
Parameter: fconv1.weight_neigh.weight | Shape: torch.Size([128, 12]) | Requires Grad: False
Parameter: fconv1.weight_neigh.bias | Shape: torch.Size([128]) | Requires Grad: False
Parameter: fconv1.fre_network.complex_weight | Shape: torch.Size([1, 1, 65, 2]) | Requires Grad: False
Parameter: fconv1.weight_self.weight | Shape: torch.Size([128, 12]) | Requires Grad: False
Parameter: stmodule.attn.q.conv.weight | Shape: torch.Size([128, 128, 1, 1]) | Requires Grad: False
Parameter: stmodule.attn.q.conv.bias | Shape: torch.Size([128]) | Requires Grad: False
Parameter: stmodule.attn.k.conv.weight | Shape: torch.Size([128, 128, 1, 1]) | Requires Grad: False
Parameter: stmodule.attn.k.conv.bias | Shape: torch.Size([128]) | Requires Grad: False
Parameter: stmodule.attn.v.conv.weight | Shape: torch.Size([128, 128, 1, 1]) | Requires Grad: False
Parameter: stmodule.attn.v.conv.bias | Shape: torch.Size([128]) | Requires Grad: False
Parameter: stmodule.attn.concat.conv.weight | Shape: torch.Size([128, 128, 1, 1]) | Requires Grad: False
Parameter: stmodule.attn.concat.conv.bias | Shape: torch.Size([128]) | Requires Grad: False
Parameter: stmodule.FFW.fc1.weight | Shape: torch.Size([128, 128, 1, 1]) | Requires Grad: False
Parameter: stmodule.FFW.fc1.bias | Shape: torch.Size([128]) | Requires Grad: False
Parameter: stmodule.FFW.fc2.weight | Shape: torch.Size([128, 128, 1, 1]) | Requires Grad: False
Parameter: stmodule.FFW.fc2.bias | Shape: torch.Size([128]) | Requires Grad: False
Parameter: fconv2.weight_neigh.weight | Shape: torch.Size([12, 128]) | Requires Grad: False
Parameter: fconv2.weight_neigh.bias | Shape: torch.Size([12]) | Requires Grad: False
Parameter: fconv2.fre_network.complex_weight | Shape: torch.Size([1, 1, 7, 2]) | Requires Grad: False
Parameter: fconv2.weight_self.weight | Shape: torch.Size([12, 128]) | Requires Grad: False
Parameter: fc.weight | Shape: torch.Size([12, 12]) | Requires Grad: False
Parameter: fc.bias | Shape: torch.Size([12]) | Requires Grad: False
2025-05-08 23:43:36,497 - [*] Year 2018 Training start
2025-05-08 23:43:37,050 - node number torch.Size([76352, 12])
2025-05-08 23:43:40,641 - epoch:0, training loss:18.2985 validation loss:23.8979
2025-05-08 23:43:44,805 - epoch:1, training loss:18.1074 validation loss:22.6552
2025-05-08 23:43:49,001 - epoch:2, training loss:18.0640 validation loss:23.8451
2025-05-08 23:43:53,328 - epoch:3, training loss:18.0352 validation loss:23.2572
2025-05-08 23:43:57,569 - epoch:4, training loss:18.0008 validation loss:23.1690
2025-05-08 23:44:01,909 - epoch:5, training loss:18.0225 validation loss:23.5421
2025-05-08 23:44:06,233 - epoch:6, training loss:17.9806 validation loss:23.4690
2025-05-08 23:44:10,631 - epoch:7, training loss:17.9546 validation loss:23.8773
2025-05-08 23:44:15,085 - epoch:8, training loss:17.9659 validation loss:23.6840
2025-05-08 23:44:19,455 - epoch:9, training loss:17.9029 validation loss:23.7717
2025-05-08 23:44:23,803 - epoch:10, training loss:17.8708 validation loss:23.4694
2025-05-08 23:44:28,071 - epoch:11, training loss:17.8929 validation loss:23.5762
2025-05-08 23:44:32,311 - epoch:12, training loss:17.9001 validation loss:23.5972
2025-05-08 23:44:36,408 - epoch:13, training loss:17.8785 validation loss:23.9420
2025-05-08 23:44:40,419 - epoch:14, training loss:17.8563 validation loss:24.0747
2025-05-08 23:44:44,544 - epoch:15, training loss:17.8573 validation loss:23.7036
2025-05-08 23:44:48,776 - epoch:16, training loss:17.8445 validation loss:23.5982
2025-05-08 23:44:52,986 - epoch:17, training loss:17.8368 validation loss:24.2003
2025-05-08 23:44:56,996 - epoch:18, training loss:17.8446 validation loss:23.4169
2025-05-08 23:45:01,234 - epoch:19, training loss:17.8111 validation loss:24.0291
2025-05-08 23:45:05,396 - epoch:20, training loss:17.7997 validation loss:23.8663
2025-05-08 23:45:09,710 - epoch:21, training loss:17.8139 validation loss:23.8260
2025-05-08 23:45:13,879 - epoch:22, training loss:17.7708 validation loss:23.4655
2025-05-08 23:45:18,058 - epoch:23, training loss:17.7948 validation loss:23.5631
2025-05-08 23:45:22,229 - epoch:24, training loss:17.7561 validation loss:23.6329
2025-05-08 23:45:26,486 - epoch:25, training loss:17.7838 validation loss:23.1511
2025-05-08 23:45:30,644 - epoch:26, training loss:17.8109 validation loss:23.6048
2025-05-08 23:45:34,903 - epoch:27, training loss:17.7779 validation loss:23.8345
2025-05-08 23:45:38,987 - epoch:28, training loss:17.7634 validation loss:24.3501
2025-05-08 23:45:43,196 - epoch:29, training loss:17.7406 validation loss:22.9676
2025-05-08 23:45:47,587 - epoch:30, training loss:17.7460 validation loss:24.0732
2025-05-08 23:45:52,006 - epoch:31, training loss:17.7329 validation loss:24.0034
2025-05-08 23:45:56,177 - epoch:32, training loss:17.7265 validation loss:23.6611
2025-05-08 23:45:57,817 - [*] loss:19.2775
2025-05-08 23:45:57,907 - [*] year 2018, testing
2025-05-08 23:45:58,685 - T:3	MAE	12.3997	RMSE	21.8750	MAPE	20.3076
2025-05-08 23:46:00,364 - T:6	MAE	15.8092	RMSE	27.6289	MAPE	25.6189
2025-05-08 23:46:05,700 - T:12	MAE	19.3166	RMSE	33.2449	MAPE	31.4504
2025-05-08 23:46:05,701 - T:Avg	MAE	15.4159	RMSE	26.8266	MAPE	25.1254
2025-05-08 23:46:05,702 - Finished optimization, total time:96.76 s, best model:log/AIR/STBP-2025-05-08_23-37-53-seed43/2018/22.6552.pkl

  0%|          | 0/5093 [00:00<?, ?it/s]
100%|██████████| 5093/5093 [00:00<00:00, 387076.49it/s]

  0%|          | 0/1697 [00:00<?, ?it/s]
100%|██████████| 1697/1697 [00:00<00:00, 456148.03it/s]

  0%|          | 0/1697 [00:00<?, ?it/s]
100%|██████████| 1697/1697 [00:00<00:00, 493088.60it/s]
2025-05-08 23:46:15,060 - [*] Year 2019 load from data/AIR/FastData/2019.npz
2025-05-08 23:46:15,092 - [*] Year 2019 Dataset load!
2025-05-08 23:46:15,093 - [*] load from log/AIR/STBP-2025-05-08_23-37-53-seed43/2018/22.6552.pkl
2025-05-08 23:46:15,126 - Total Parameters: 567224
2025-05-08 23:46:15,126 - Trainable Parameters: 461568
Parameter: pattern_bank | Shape: torch.Size([1202, 384]) | Requires Grad: True
Parameter: fconv1.weight_neigh.weight | Shape: torch.Size([128, 12]) | Requires Grad: False
Parameter: fconv1.weight_neigh.bias | Shape: torch.Size([128]) | Requires Grad: False
Parameter: fconv1.fre_network.complex_weight | Shape: torch.Size([1, 1, 65, 2]) | Requires Grad: False
Parameter: fconv1.weight_self.weight | Shape: torch.Size([128, 12]) | Requires Grad: False
Parameter: stmodule.attn.q.conv.weight | Shape: torch.Size([128, 128, 1, 1]) | Requires Grad: False
Parameter: stmodule.attn.q.conv.bias | Shape: torch.Size([128]) | Requires Grad: False
Parameter: stmodule.attn.k.conv.weight | Shape: torch.Size([128, 128, 1, 1]) | Requires Grad: False
Parameter: stmodule.attn.k.conv.bias | Shape: torch.Size([128]) | Requires Grad: False
Parameter: stmodule.attn.v.conv.weight | Shape: torch.Size([128, 128, 1, 1]) | Requires Grad: False
Parameter: stmodule.attn.v.conv.bias | Shape: torch.Size([128]) | Requires Grad: False
Parameter: stmodule.attn.concat.conv.weight | Shape: torch.Size([128, 128, 1, 1]) | Requires Grad: False
Parameter: stmodule.attn.concat.conv.bias | Shape: torch.Size([128]) | Requires Grad: False
Parameter: stmodule.FFW.fc1.weight | Shape: torch.Size([128, 128, 1, 1]) | Requires Grad: False
Parameter: stmodule.FFW.fc1.bias | Shape: torch.Size([128]) | Requires Grad: False
Parameter: stmodule.FFW.fc2.weight | Shape: torch.Size([128, 128, 1, 1]) | Requires Grad: False
Parameter: stmodule.FFW.fc2.bias | Shape: torch.Size([128]) | Requires Grad: False
Parameter: fconv2.weight_neigh.weight | Shape: torch.Size([12, 128]) | Requires Grad: False
Parameter: fconv2.weight_neigh.bias | Shape: torch.Size([12]) | Requires Grad: False
Parameter: fconv2.fre_network.complex_weight | Shape: torch.Size([1, 1, 7, 2]) | Requires Grad: False
Parameter: fconv2.weight_self.weight | Shape: torch.Size([12, 128]) | Requires Grad: False
Parameter: fc.weight | Shape: torch.Size([12, 12]) | Requires Grad: False
Parameter: fc.bias | Shape: torch.Size([12]) | Requires Grad: False
2025-05-08 23:46:15,127 - [*] Year 2019 Training start
2025-05-08 23:46:15,734 - node number torch.Size([76928, 12])
2025-05-08 23:46:19,297 - epoch:0, training loss:16.3933 validation loss:19.6090
2025-05-08 23:46:23,973 - epoch:1, training loss:16.2222 validation loss:19.2531
2025-05-08 23:46:28,136 - epoch:2, training loss:16.2023 validation loss:19.5341
2025-05-08 23:46:32,338 - epoch:3, training loss:16.1298 validation loss:19.5974
2025-05-08 23:46:36,416 - epoch:4, training loss:16.1317 validation loss:19.2892
2025-05-08 23:46:40,515 - epoch:5, training loss:16.1050 validation loss:19.8810
2025-05-08 23:46:44,871 - epoch:6, training loss:16.0856 validation loss:19.1300
2025-05-08 23:46:49,131 - epoch:7, training loss:16.0712 validation loss:19.1551
2025-05-08 23:46:53,225 - epoch:8, training loss:16.0735 validation loss:18.9783
2025-05-08 23:46:57,436 - epoch:9, training loss:16.0954 validation loss:19.5680
2025-05-08 23:47:01,672 - epoch:10, training loss:16.0188 validation loss:19.3387
2025-05-08 23:47:05,789 - epoch:11, training loss:16.0397 validation loss:19.2694
2025-05-08 23:47:10,022 - epoch:12, training loss:15.9730 validation loss:19.2531
2025-05-08 23:47:14,225 - epoch:13, training loss:15.9677 validation loss:19.1334
2025-05-08 23:47:18,426 - epoch:14, training loss:15.9932 validation loss:19.7021
2025-05-08 23:47:22,524 - epoch:15, training loss:15.9817 validation loss:19.7162
2025-05-08 23:47:26,774 - epoch:16, training loss:15.9807 validation loss:19.2833
2025-05-08 23:47:31,034 - epoch:17, training loss:15.9473 validation loss:19.5696
2025-05-08 23:47:35,082 - epoch:18, training loss:15.9447 validation loss:19.7643
2025-05-08 23:47:39,170 - epoch:19, training loss:15.9619 validation loss:19.3233
2025-05-08 23:47:43,332 - epoch:20, training loss:15.9714 validation loss:19.5032
2025-05-08 23:47:47,502 - epoch:21, training loss:15.9570 validation loss:19.8476
2025-05-08 23:47:51,800 - epoch:22, training loss:15.9247 validation loss:19.7582
2025-05-08 23:47:55,889 - epoch:23, training loss:15.9054 validation loss:19.7255
2025-05-08 23:47:59,948 - epoch:24, training loss:15.8963 validation loss:19.9602
2025-05-08 23:48:04,084 - epoch:25, training loss:15.9108 validation loss:19.9523
2025-05-08 23:48:08,347 - epoch:26, training loss:15.9123 validation loss:20.1187
2025-05-08 23:48:12,467 - epoch:27, training loss:15.8822 validation loss:19.8671
2025-05-08 23:48:16,744 - epoch:28, training loss:15.8720 validation loss:19.9185
2025-05-08 23:48:20,787 - epoch:29, training loss:15.8855 validation loss:19.5298
2025-05-08 23:48:25,162 - epoch:30, training loss:15.8667 validation loss:20.0335
2025-05-08 23:48:29,184 - epoch:31, training loss:15.8704 validation loss:19.6663
2025-05-08 23:48:33,318 - epoch:32, training loss:15.8811 validation loss:19.7121
2025-05-08 23:48:37,368 - epoch:33, training loss:15.8604 validation loss:19.9804
2025-05-08 23:48:41,553 - epoch:34, training loss:15.8730 validation loss:19.7580
2025-05-08 23:48:45,684 - epoch:35, training loss:15.8474 validation loss:19.7491
2025-05-08 23:48:49,733 - epoch:36, training loss:15.8580 validation loss:20.0036
2025-05-08 23:48:53,897 - epoch:37, training loss:15.8335 validation loss:19.6641
2025-05-08 23:48:58,000 - epoch:38, training loss:15.8487 validation loss:20.2184
2025-05-08 23:49:02,235 - epoch:39, training loss:15.8476 validation loss:19.9736
2025-05-08 23:49:03,889 - [*] loss:20.4412
2025-05-08 23:49:03,983 - [*] year 2019, testing
2025-05-08 23:49:04,863 - T:3	MAE	13.7485	RMSE	22.0921	MAPE	19.4809
2025-05-08 23:49:06,690 - T:6	MAE	16.9795	RMSE	27.4819	MAPE	23.9025
2025-05-08 23:49:12,422 - T:12	MAE	20.4322	RMSE	32.7684	MAPE	29.1809
2025-05-08 23:49:12,422 - T:Avg	MAE	16.6565	RMSE	26.7373	MAPE	23.6654
2025-05-08 23:49:12,424 - Finished optimization, total time:117.08 s, best model:log/AIR/STBP-2025-05-08_23-37-53-seed43/2019/18.9783.pkl
2025-05-08 23:49:12,424 - 


2025-05-08 23:49:12,425 - 3   	 MAE	     24.86	     16.79	     12.40	     13.75		   16.95
2025-05-08 23:49:12,425 - 3   	RMSE	     38.07	     26.25	     21.88	     22.09		   27.07
2025-05-08 23:49:12,425 - 3   	MAPE	     25.66	     20.01	     20.31	     19.48		   21.36
2025-05-08 23:49:12,425 - 6   	 MAE	     27.78	     20.49	     15.81	     16.98		   20.26
2025-05-08 23:49:12,425 - 6   	RMSE	     43.74	     32.44	     27.63	     27.48		   32.82
2025-05-08 23:49:12,425 - 6   	MAPE	     28.76	     23.95	     25.62	     23.90		   25.56
2025-05-08 23:49:12,425 - 12  	 MAE	     31.06	     24.37	     19.32	     20.43		   23.80
2025-05-08 23:49:12,425 - 12  	RMSE	     49.48	     38.45	     33.24	     32.77		   38.49
2025-05-08 23:49:12,425 - 12  	MAPE	     32.68	     28.49	     31.45	     29.18		   30.45
2025-05-08 23:49:12,425 - Avg 	 MAE	     27.56	     20.10	     15.42	     16.66		   19.93
2025-05-08 23:49:12,425 - Avg 	RMSE	     43.08	     31.59	     26.83	     26.74		   32.06
2025-05-08 23:49:12,425 - Avg 	MAPE	     28.68	     23.69	     25.13	     23.67		   25.29
2025-05-08 23:49:12,425 - year	2016	total_time	  112.3608	average_time	    3.2103	epoch	35
2025-05-08 23:49:12,425 - year	2017	total_time	  100.2493	average_time	    2.8643	epoch	35
2025-05-08 23:49:12,426 - year	2018	total_time	   96.7643	average_time	    2.9323	epoch	33
2025-05-08 23:49:12,426 - year	2019	total_time	  117.0754	average_time	    2.9269	epoch	40
2025-05-08 23:49:12,426 - total time: 426.4499
